// Vitest Snapshot v1, https://vitest.dev/guide/snapshot.html

exports[`Main Landing Page elements display as expected 1`] = `
<div>
  <div
    class="flex-column-center _container_165a7b"
  >
    <div
      class="flex-column-center gap-1rem text-center _text_165a7b"
    >
      <h1>
        Welcome to my Shopping Page!
      </h1>
      <p>
        Feel free to browse by category or product!
      </p>
      <p>
        This project was made with React & React Router as part of The Odin Project by Sang Won Cho.
      </p>
      <p>
        Here are some random products to view below!
      </p>
    </div>
    <div
      data-testid="mock-carousel"
    >
      Carousel
    </div>
  </div>
</div>
`;
